[debug] [2026-04-10T09:05:24.646Z] ----------------------------------------------------------------------
[debug] [2026-04-10T09:05:24.668Z] Command:       /data/data/com.termux/files/usr/bin/node /data/data/com.termux/files/usr/bin/firebase use --add
[debug] [2026-04-10T09:05:24.669Z] CLI Version:   15.11.0
[debug] [2026-04-10T09:05:24.670Z] Platform:      android
[debug] [2026-04-10T09:05:24.670Z] Node Version:  v25.8.2
[debug] [2026-04-10T09:05:24.670Z] Time:          Fri Apr 10 2026 16:05:24 GMT+0700 (Western Indonesia Time)
[debug] [2026-04-10T09:05:24.671Z] ----------------------------------------------------------------------
[debug] 
[debug] [2026-04-10T09:05:25.296Z] > command requires scopes: ["email","openid","https://www.googleapis.com/auth/cloudplatformprojects.readonly","https://www.googleapis.com/auth/firebase","https://www.googleapis.com/auth/cloud-platform"]
[debug] [2026-04-10T09:05:25.297Z] > authorizing via signed-in user (niamcacay@gmail.com)
[debug] [2026-04-10T09:05:25.301Z] Checked if tokens are valid: true, expires at: 1775814367017
[debug] [2026-04-10T09:05:25.301Z] Checked if tokens are valid: true, expires at: 1775814367017
[debug] [2026-04-10T09:05:25.306Z] >>> [apiv2][query] GET https://firebase.googleapis.com/v1beta1/projects pageSize=1000
[debug] [2026-04-10T09:05:25.998Z] <<< [apiv2][status] GET https://firebase.googleapis.com/v1beta1/projects 200
[debug] [2026-04-10T09:05:25.999Z] <<< [apiv2][body] GET https://firebase.googleapis.com/v1beta1/projects [omitted]
[debug] [2026-04-10T09:05:39.103Z] ExitPromptError: User force closed the prompt with SIGINT
    at Interface.sigint (/data/data/com.termux/files/usr/lib/node_modules/firebase-tools/node_modules/@inquirer/core/dist/commonjs/lib/create-prompt.js:101:37)
    at Interface.emit (node:events:508:20)
    at [_ttyWrite] [as _ttyWrite] (node:internal/readline/interface:1327:18)
    at ReadStream.onkeypress (node:internal/readline/interface:284:20)
    at ReadStream.emit (node:events:520:22)
    at emitKeys (node:internal/readline/utils:371:14)
    at emitKeys.next (<anonymous>)
    at ReadStream.onData (node:internal/readline/emitKeypressEvents:64:36)
    at ReadStream.emit (node:events:508:20)
    at addChunk (node:internal/streams/readable:564:12)
[error] 
[error] Error: An unexpected error has occurred.
